// Jest Snapshot v1, https://goo.gl/fbAQLP

exports[`Component > RestaurantsContainer should display loading if data is not present 1`] = `
<div
  className="section"
>
  <div
    className="restaurant-count text-gray hide-when-small"
  >
    Loading...
  </div>
</div>
`;

exports[`Component > RestaurantsContainer should render correctly 1`] = `
<div
  className="section"
>
  <div
    className="restaurant-count text-gray hide-when-small"
  >
    2
     Restaurants
  </div>
  <ul
    className="restaurant-container"
  >
    <li
      key="63460"
    >
      <Component
        id="63460"
        image="https://f.roocdn.com/images/menus/25785/header-image.jpg?width=360&height=200&auto=webp&format=jpg&fit=crop&v=1477308353"
        name="Burrito Kitchen"
        price={2}
        tags={
          Array [
            "Mexican",
            "Burritos",
            "Halal",
          ]
        }
        url="https://deliveroo.co.uk/menu/london/bank/burrito-kitchen-cheapside"
      />
    </li>
    <li
      key="33406"
    >
      <Component
        id="33406"
        image="https://f.roocdn.com/images/menus/52101/header-image.jpg?width=360&height=200&auto=webp&format=jpg&fit=crop&v=1515776356"
        name="Pure"
        price={2}
        tags={
          Array [
            "Salads",
            "Gluten Free",
            "Smoothies",
          ]
        }
        url="https://deliveroo.co.uk/menu/london/the-city/pure-gracechurch-st"
      />
    </li>
  </ul>
</div>
`;
